Mar  7 15:28:33 flutter-macpro hello_flutter[14974]: Diagnostic server listening on http://127.0.0.1:8101
Mar  7 15:28:33 flutter-macpro hello_flutter[14974]: Observatory listening on http://127.0.0.1:8100/
