Mar  6 13:54:11 flutter-macpro hello_flutter[86964]: Diagnostic server listening on http://127.0.0.1:60058
Mar  6 13:54:11 flutter-macpro hello_flutter[86964]: Observatory listening on http://127.0.0.1:8136/
