Mar  7 14:28:21 flutter-macpro diagnosticd[313]: Unexpected xpc type [<double: 0x7fb8b7501940>: 9223372036865060864.000000]
Mar  7 14:28:21 --- last message repeated 1 time ---
Mar  7 14:28:21 flutter-macpro diagnosticd[313]: Unexpected xpc type [<double: 0x7fb8b7001e40>: 9223372036865060864.000000]
